2023-09-17 100000,Log message 1,This is another log message,Log message 3
2023-09-17 101500,Log message 4,Log message 5,Another log message
2023-09-17 103000,Yet another message,Some data here,One more log message
